MAP
  NAME                  SIE_BRIQUE
  STATUS                ON
  SIZE                  256 256
  MAXSIZE               4096
  RESOLUTION            72
  EXTENT                -180 -90 180 90
  UNITS                 DD
  IMAGECOLOR            255 255 255
  IMAGETYPE             AGGPNG
  PROJECTION
    "proj=longlat"
    "ellps=WGS84"
    "datum=WGS84"
  END
  FONTSET               "./fonts.list"
  WEB
    LOG                   "/tmp/demo_sweb.log"
    #IMAGEPATH             "/carto/legendes/temp_images/"
    #IMAGEURL              "/weblegendes/temp_images/"
    #TEMPLATE              "../html/Blank.html"
    METADATA
      ows_title                         "Démo SIE Brique"
      ows_abstract                      "Démo SIE Brique"
      #ows_keywordlist                   ""
      ows_onlineresource                "http://mapdmzrec.brgm.fr/cgi-bin/mapserv54?map=/carto/demo/mapFiles/demo_sie_brique.map"
      ows_service_onlineresource        "http://mapdmzrec.brgm.fr/cgi-bin/mapserv54?map=/carto/demo/mapFiles/demo_sie_brique.map"
      ows_schemas_location              "http://schemas.opengeospatial.net"
      ows_encoding                      "UTF-8"
      ows_accessconstraints             "None"
      ows_addresstype                   "postal"
      ows_address                       "3, Avenue Claude Guillemin, BP36009"
      ows_city                          "Orléans"
      ows_stateorprovince               "Centre"
      ows_postcode                      "45060"
      ows_country                       "France"
      ows_contactelectronicmailaddress  "contact-support@brgm.fr"
      ows_contactperson                 "Support BRGM"
      ows_contactposition               "Support BRGM"
      ows_contactorganization           "BRGM"
      ows_contactvoicetelephone         "+33(0)2 38 64 34 34"
      ows_contactfacsimiletelephone     "+33(0)2 38 64 35 18"
      #ows_attribution_title             "Brgm"
      #ows_attribution_onlineresource    "http://www.brgm.fr"
      #ows_attribution_logourl_height    "82"
      #ows_attribution_logourl_width     "158"
      #ows_attribution_logourl_format    "image/gif"
      #ows_attribution_logourl_href      "http://www.brgm.fr/img/entete/logo.gif"
      ows_fees                          "None"
      wfs_maxfeatures                   "500"
      ows_srs                           "EPSG:4326 EPSG:32620 EPSG:32621 EPSG:32622 EPSG:32630 EPSG:32631 EPSG:32632 EPSG:32701 EPSG:32705 EPSG:32706 EPSG:32738 EPSG:32740 EPSG:32758 EPSG:4807 EPSG:27572 EPSG:27582 EPSG:4171 EPSG:2154 EPSG:2970 EPSG:2969 EPSG:4559 EPSG:2973 EPSG:3312 EPSG:2971 EPSG:2972 EPSG:3727 EPSG:2990 EPSG:2975 EPSG:2980 EPSG:4474 EPSG:4471 EPSG:2987 EPSG:4467 EPSG:4258 EPSG:3035 EPSG:3034"
      ows_extent                        "-180 -90 180 90"
    END
  END
  #
  # LEGEND
  #
  LEGEND
    IMAGECOLOR            255 255 255
    TRANSPARENT           ON
    KEYSIZE               35 20
    KEYSPACING            5 0
    LABEL
      FONT                  "dejavusans"
      TYPE                  TRUETYPE
      ANTIALIAS             TRUE
      BACKGROUNDCOLOR       255 255 255
      SIZE                  8
    END
  END
  #
  # OUTPUTFORMATS
  #
  OUTPUTFORMAT
    NAME                  AGGPNG
    DRIVER                "AGG/PNG"
    MIMETYPE              "image/png"
    IMAGEMODE             RGB
    EXTENSION             "png"
  END
  OUTPUTFORMAT
    NAME                  GIF
    DRIVER                "GD/GIF"
    MIMETYPE              "image/gif"
    IMAGEMODE             PC256
    EXTENSION             "gif"
    FORMATOPTION          "INTERLACE=OFF"
  END
  OUTPUTFORMAT
    NAME                  JPEG
    DRIVER                "GD/JPEG"
    MIMETYPE              "image/jpeg"
    IMAGEMODE             RGB
    EXTENSION             "jpg"
    FORMATOPTION          "QUALITY=72"
  END
  #
  # SYMBOLSET
  #
  SYMBOL
    NAME                  CERCLE
    TYPE                  ELLIPSE
    POINTS
      1 1
    END
    FILLED                TRUE
  END
  #
  # Layer.................SIE_POINT
  #
  LAYER
    NAME                  SIE_POINT
    TYPE                  POINT
    STATUS                OFF
    CONNECTIONTYPE        POSTGIS
    CONNECTION            "user=geosie_brique_web password=6briques dbname=geosie_brique host=localhost port=5432"
    DATA                  "the_geom FROM geosie.brique_point USING UNIQUE id_brique USING SRID=4326"
    DUMP                  TRUE
    TOLERANCE             12
    TOLERANCEUNITS        PIXELS
    TEMPLATE              GML
    EXTENT                -180 -90 180 90
    PROJECTION
      "proj=longlat"
      "ellps=WGS84"
      "datum=WGS84"
    END
    METADATA
      ows_title                         "SIE - Point"
      ows_abstract                      "SIE - Point"
      #ows_keywordlist                   ""
      ows_srs                           "EPSG:4326 EPSG:32620 EPSG:32621 EPSG:32622 EPSG:32630 EPSG:32631 EPSG:32632 EPSG:32701 EPSG:32705 EPSG:32706 EPSG:32738 EPSG:32740 EPSG:32758 EPSG:4807 EPSG:27572 EPSG:27582 EPSG:4171 EPSG:2154 EPSG:2970 EPSG:2969 EPSG:4559 EPSG:2973 EPSG:3312 EPSG:2971 EPSG:2972 EPSG:3727 EPSG:2990 EPSG:2975 EPSG:2980 EPSG:4474 EPSG:4471 EPSG:2987 EPSG:4467 EPSG:4258 EPSG:3035 EPSG:3034"
      ows_extent                        "-180 -90 180 90"
      ows_featureid                     "id_brique"
      gml_featureid                     "id_brique"      
      ows_include_items                 "all"
      gml_include_items                 "all"
    END
    CLASS
      NAME                  "Point"
      STYLE
        SYMBOL                CERCLE
        SIZE                  6
        COLOR                 98 89 90
      END
    END
  END # SIE_POINT
  #
  # Layer.................SIE_LIGNE
  #
  LAYER
    NAME                  SIE_LIGNE
    TYPE                  LINE
    STATUS                OFF
    CONNECTIONTYPE        POSTGIS
    CONNECTION            "user=geosie_brique_web password=6briques dbname=geosie_brique host=localhost port=5432"
    DATA                  "the_geom FROM geosie.brique_ligne USING UNIQUE id_brique USING SRID=4326"
    DUMP                  TRUE
    TOLERANCE             12
    TOLERANCEUNITS        PIXELS
    TEMPLATE              GML
    EXTENT                -180 -90 180 90
    PROJECTION
      "proj=longlat"
      "ellps=WGS84"
      "datum=WGS84"
    END
    METADATA
      ows_title                         "SIE - Ligne"
      ows_abstract                      "SIE - Ligne"
      #ows_keywordlist                   ""
      ows_srs                           "EPSG:4326 EPSG:32620 EPSG:32621 EPSG:32622 EPSG:32630 EPSG:32631 EPSG:32632 EPSG:32701 EPSG:32705 EPSG:32706 EPSG:32738 EPSG:32740 EPSG:32758 EPSG:4807 EPSG:27572 EPSG:27582 EPSG:4171 EPSG:2154 EPSG:2970 EPSG:2969 EPSG:4559 EPSG:2973 EPSG:3312 EPSG:2971 EPSG:2972 EPSG:3727 EPSG:2990 EPSG:2975 EPSG:2980 EPSG:4474 EPSG:4471 EPSG:2987 EPSG:4467 EPSG:4258 EPSG:3035 EPSG:3034"
      ows_extent                        "-180 -90 180 90"
	  ows_featureid                     "id_brique"
      gml_include_items                 "id_brique"	  
      ows_include_items                 "all"
      gml_include_items                 "all"
    END
    CLASS
      NAME                  "Ligne"    
      STYLE
        WIDTH                 2
        COLOR                 98 89 90
      END
    END
  END # SIE_LIGNE
  #
  # Layer.................SIE_POLYGONE
  #
  LAYER
    NAME                  SIE_POLYGONE
    TYPE                  POLYGON
    STATUS                OFF
    CONNECTIONTYPE        POSTGIS
    CONNECTION            "user=geosie_brique_web password=6briques dbname=geosie_brique host=localhost port=5432"
    DATA                  "the_geom FROM geosie.brique_polygone USING UNIQUE id_brique USING SRID=4326"
    DUMP                  TRUE
    TOLERANCE             0
    TOLERANCEUNITS        PIXELS
    TEMPLATE              GML
    EXTENT                -180 -90 180 90
    PROJECTION
      "proj=longlat"
      "ellps=WGS84"
      "datum=WGS84"
    END
    METADATA
      ows_title                         "SIE - Polygone"
      ows_abstract                      "SIE - Polygone"
      #ows_keywordlist                   ""
      ows_srs                           "EPSG:4326 EPSG:32620 EPSG:32621 EPSG:32622 EPSG:32630 EPSG:32631 EPSG:32632 EPSG:32701 EPSG:32705 EPSG:32706 EPSG:32738 EPSG:32740 EPSG:32758 EPSG:4807 EPSG:27572 EPSG:27582 EPSG:4171 EPSG:2154 EPSG:2970 EPSG:2969 EPSG:4559 EPSG:2973 EPSG:3312 EPSG:2971 EPSG:2972 EPSG:3727 EPSG:2990 EPSG:2975 EPSG:2980 EPSG:4474 EPSG:4471 EPSG:2987 EPSG:4467 EPSG:4258 EPSG:3035 EPSG:3034"
      ows_extent                        "-180 -90 180 90"
	  ows_featureid                     "id_brique"
      gml_include_items                 "id_brique"	  
      ows_include_items                 "all"
      gml_include_items                 "all"
    END
    CLASS
      NAME                  "Polygone"
      STYLE
        COLOR                 255 255 255
        OUTLINECOLOR          0 0 0
      END
    END
  END # SIE_POLYGONE
END